// Jest Snapshot v1, https://goo.gl/fbAQLP

exports[`PlaceholderComponent renders correctly 1`] = `
<div
  className="sc-gqjmRU PsSfe"
>
  <h1
    className="sc-VigVT fXkMTo"
  >
    Boilerplate
  </h1>
  <a
    className="sc-htoDjs gLCdRU"
    href="https://en.wikipedia.org/wiki/Single-page_application"
    rel="noopener noreferrer"
    target="_blank"
  >
    SPA
  </a>
  <br />
  <small
    className="sc-gqjmRU iEXEfP"
  >
    with
  </small>
  <br />
  <a
    className="sc-htoDjs gLCdRU"
    href="https://reactjs.org"
    rel="noopener noreferrer"
    target="_blank"
  >
    create-react-app
  </a>
  <br />
  +
  <br />
  <a
    className="sc-htoDjs gLCdRU"
    href="https://redux.js.org"
    rel="noopener noreferrer"
    target="_blank"
  >
    redux
  </a>
</div>
`;
